........................................................                 [100%]
56 passed in 4.04s
